<?xml version="1.0"?>
<link_info>
   <banner>MSP430 Linker PC v4.2.1</banner>
   <copyright>Copyright (c) 2003-2013 Texas Instruments Incorporated</copyright>
   <link_time>0x52167ca9</link_time>
   <link_errors>0x0</link_errors>
   <output_file>BasicWiFi Application.out</output_file>
   <entry_point>
      <name>_c_int00</name>
      <address>0xdc9c</address>
   </entry_point>
   <input_file_list>
      <input_file id="fl-2">
         <path>.\</path>
         <kind>object</kind>
         <file>sweetWiFi.obj</file>
         <name>sweetWiFi.obj</name>
      </input_file>
      <input_file id="fl-3">
         <path>.\</path>
         <kind>object</kind>
         <file>board.obj</file>
         <name>board.obj</name>
      </input_file>
      <input_file id="fl-b">
         <path>C:\GitRepository\sweetWiFi\MSP430G2553\Basic WiFi Application\Basic WiFi Source\Basic WiFi Application CCS\CC3000 Spi\Debug\</path>
         <kind>archive</kind>
         <file>CC3000 Spi.lib</file>
         <name>spi.obj</name>
      </input_file>
      <input_file id="fl-c">
         <path>C:\GitRepository\sweetWiFi\MSP430G2553\Basic WiFi Application\Basic WiFi Source\Basic WiFi Application CCS\CC3000HostDriver\Debug\</path>
         <kind>archive</kind>
         <file>CC3000HostDriver.lib</file>
         <name>wlan.obj</name>
      </input_file>
      <input_file id="fl-d">
         <path>C:\GitRepository\sweetWiFi\MSP430G2553\Basic WiFi Application\Basic WiFi Source\Basic WiFi Application CCS\CC3000HostDriver\Debug\</path>
         <kind>archive</kind>
         <file>CC3000HostDriver.lib</file>
         <name>socket.obj</name>
      </input_file>
      <input_file id="fl-e">
         <path>C:\GitRepository\sweetWiFi\MSP430G2553\Basic WiFi Application\Basic WiFi Source\Basic WiFi Application CCS\CC3000HostDriver\Debug\</path>
         <kind>archive</kind>
         <file>CC3000HostDriver.lib</file>
         <name>netapp.obj</name>
      </input_file>
      <input_file id="fl-f">
         <path>C:\GitRepository\sweetWiFi\MSP430G2553\Basic WiFi Application\Basic WiFi Source\Basic WiFi Application CCS\CC3000HostDriver\Debug\</path>
         <kind>archive</kind>
         <file>CC3000HostDriver.lib</file>
         <name>hci.obj</name>
      </input_file>
      <input_file id="fl-10">
         <path>C:\GitRepository\sweetWiFi\MSP430G2553\Basic WiFi Application\Basic WiFi Source\Basic WiFi Application CCS\CC3000HostDriver\Debug\</path>
         <kind>archive</kind>
         <file>CC3000HostDriver.lib</file>
         <name>evnt_handler.obj</name>
      </input_file>
      <input_file id="fl-11">
         <path>C:\GitRepository\sweetWiFi\MSP430G2553\Basic WiFi Application\Basic WiFi Source\Basic WiFi Application CCS\CC3000HostDriver\Debug\</path>
         <kind>archive</kind>
         <file>CC3000HostDriver.lib</file>
         <name>cc3000_common.obj</name>
      </input_file>
      <input_file id="fl-12">
         <path>C:\GitRepository\sweetWiFi\MSP430G2553\Basic WiFi Application\Basic WiFi Source\Basic WiFi Application CCS\CC3000HostDriver\Debug\</path>
         <kind>archive</kind>
         <file>CC3000HostDriver.lib</file>
         <name>nvmem.obj</name>
      </input_file>
      <input_file id="fl-13">
         <path>C:\GitRepository\sweetWiFi\MSP430G2553\Basic WiFi Application\Basic WiFi Source\Basic WiFi Application CCS\HyperTerminal Driver\Debug\</path>
         <kind>archive</kind>
         <file>HyperTerminal Driver.lib</file>
         <name>dispatcher.obj</name>
      </input_file>
      <input_file id="fl-29">
         <path>C:\ccsv6\ccsv6\tools\compiler\msp430_4.2.1\lib\</path>
         <kind>archive</kind>
         <file>rts430_eabi.lib</file>
         <name>boot.obj</name>
      </input_file>
      <input_file id="fl-2a">
         <path>C:\ccsv6\ccsv6\tools\compiler\msp430_4.2.1\lib\</path>
         <kind>archive</kind>
         <file>rts430_eabi.lib</file>
         <name>copy_decompress_none.obj</name>
      </input_file>
      <input_file id="fl-2b">
         <path>C:\ccsv6\ccsv6\tools\compiler\msp430_4.2.1\lib\</path>
         <kind>archive</kind>
         <file>rts430_eabi.lib</file>
         <name>copy_decompress_rle.obj</name>
      </input_file>
      <input_file id="fl-2c">
         <path>C:\ccsv6\ccsv6\tools\compiler\msp430_4.2.1\lib\</path>
         <kind>archive</kind>
         <file>rts430_eabi.lib</file>
         <name>copy_zero_init.obj</name>
      </input_file>
      <input_file id="fl-2d">
         <path>C:\ccsv6\ccsv6\tools\compiler\msp430_4.2.1\lib\</path>
         <kind>archive</kind>
         <file>rts430_eabi.lib</file>
         <name>div16s.obj</name>
      </input_file>
      <input_file id="fl-2e">
         <path>C:\ccsv6\ccsv6\tools\compiler\msp430_4.2.1\lib\</path>
         <kind>archive</kind>
         <file>rts430_eabi.lib</file>
         <name>div16u.obj</name>
      </input_file>
      <input_file id="fl-2f">
         <path>C:\ccsv6\ccsv6\tools\compiler\msp430_4.2.1\lib\</path>
         <kind>archive</kind>
         <file>rts430_eabi.lib</file>
         <name>epilog.obj</name>
      </input_file>
      <input_file id="fl-30">
         <path>C:\ccsv6\ccsv6\tools\compiler\msp430_4.2.1\lib\</path>
         <kind>archive</kind>
         <file>rts430_eabi.lib</file>
         <name>errno.obj</name>
      </input_file>
      <input_file id="fl-31">
         <path>C:\ccsv6\ccsv6\tools\compiler\msp430_4.2.1\lib\</path>
         <kind>archive</kind>
         <file>rts430_eabi.lib</file>
         <name>exit.obj</name>
      </input_file>
      <input_file id="fl-32">
         <path>C:\ccsv6\ccsv6\tools\compiler\msp430_4.2.1\lib\</path>
         <kind>archive</kind>
         <file>rts430_eabi.lib</file>
         <name>lsl16.obj</name>
      </input_file>
      <input_file id="fl-33">
         <path>C:\ccsv6\ccsv6\tools\compiler\msp430_4.2.1\lib\</path>
         <kind>archive</kind>
         <file>rts430_eabi.lib</file>
         <name>lsl32.obj</name>
      </input_file>
      <input_file id="fl-34">
         <path>C:\ccsv6\ccsv6\tools\compiler\msp430_4.2.1\lib\</path>
         <kind>archive</kind>
         <file>rts430_eabi.lib</file>
         <name>lsr32.obj</name>
      </input_file>
      <input_file id="fl-35">
         <path>C:\ccsv6\ccsv6\tools\compiler\msp430_4.2.1\lib\</path>
         <kind>archive</kind>
         <file>rts430_eabi.lib</file>
         <name>memcpy.obj</name>
      </input_file>
      <input_file id="fl-36">
         <path>C:\ccsv6\ccsv6\tools\compiler\msp430_4.2.1\lib\</path>
         <kind>archive</kind>
         <file>rts430_eabi.lib</file>
         <name>memset.obj</name>
      </input_file>
      <input_file id="fl-37">
         <path>C:\ccsv6\ccsv6\tools\compiler\msp430_4.2.1\lib\</path>
         <kind>archive</kind>
         <file>rts430_eabi.lib</file>
         <name>pre_init.obj</name>
      </input_file>
      <input_file id="fl-38">
         <path>C:\ccsv6\ccsv6\tools\compiler\msp430_4.2.1\lib\</path>
         <kind>archive</kind>
         <file>rts430_eabi.lib</file>
         <name>sprintf.obj</name>
      </input_file>
      <input_file id="fl-39">
         <path>C:\ccsv6\ccsv6\tools\compiler\msp430_4.2.1\lib\</path>
         <kind>archive</kind>
         <file>rts430_eabi.lib</file>
         <name>strlen.obj</name>
      </input_file>
      <input_file id="fl-3a">
         <path>C:\ccsv6\ccsv6\tools\compiler\msp430_4.2.1\lib\</path>
         <kind>archive</kind>
         <file>rts430_eabi.lib</file>
         <name>_lock.obj</name>
      </input_file>
      <input_file id="fl-3b">
         <path>C:\ccsv6\ccsv6\tools\compiler\msp430_4.2.1\lib\</path>
         <kind>archive</kind>
         <file>rts430_eabi.lib</file>
         <name>_printfi_min.obj</name>
      </input_file>
      <input_file id="fl-3c">
         <path>C:\ccsv6\ccsv6\tools\compiler\msp430_4.2.1\lib\</path>
         <kind>archive</kind>
         <file>rts430_eabi.lib</file>
         <name>args_main.obj</name>
      </input_file>
      <input_file id="fl-3d">
         <path>C:\ccsv6\ccsv6\tools\compiler\msp430_4.2.1\lib\</path>
         <kind>archive</kind>
         <file>rts430_eabi.lib</file>
         <name>autoinit.obj</name>
      </input_file>
      <input_file id="fl-3e">
         <path>C:\ccsv6\ccsv6\tools\compiler\msp430_4.2.1\lib\</path>
         <kind>archive</kind>
         <file>rts430_eabi.lib</file>
         <name>lsr16.obj</name>
      </input_file>
      <input_file id="fl-3f">
         <path>C:\ccsv6\ccsv6\tools\compiler\msp430_4.2.1\lib\</path>
         <kind>archive</kind>
         <file>rts430_eabi.lib</file>
         <name>memccpy.obj</name>
      </input_file>
      <input_file id="fl-40">
         <path>C:\ccsv6\ccsv6\tools\compiler\msp430_4.2.1\lib\</path>
         <kind>archive</kind>
         <file>rts430_eabi.lib</file>
         <name>mult16.obj</name>
      </input_file>
   </input_file_list>
   <object_component_list>
      <object_component id="oc-4e">
         <name>.stack</name>
         <uninitialized>true</uninitialized>
         <run_address>0x338</run_address>
         <size>0x2</size>
         <input_file_ref idref="fl-29"/>
      </object_component>
      <object_component id="oc-43f">
         <name>.stack</name>
         <uninitialized>true</uninitialized>
         <run_address>0x338</run_address>
         <size>0x0</size>
      </object_component>
      <object_component id="oc-2c3">
         <name>.text:hci_event_handler</name>
         <load_address>0xc000</load_address>
         <run_address>0xc000</run_address>
         <size>0x2fe</size>
         <input_file_ref idref="fl-10"/>
      </object_component>
      <object_component id="oc-6f">
         <name>.text:main</name>
         <load_address>0xc2fe</load_address>
         <run_address>0xc2fe</run_address>
         <size>0x208</size>
         <input_file_ref idref="fl-2"/>
      </object_component>
      <object_component id="oc-34d">
         <name>.text:hci_unsol_event_handler</name>
         <load_address>0xc506</load_address>
         <run_address>0xc506</run_address>
         <size>0x1fe</size>
         <input_file_ref idref="fl-10"/>
      </object_component>
      <object_component id="oc-20e">
         <name>.text:simple_link_send</name>
         <load_address>0xc704</load_address>
         <run_address>0xc704</run_address>
         <size>0x19a</size>
         <input_file_ref idref="fl-d"/>
      </object_component>
      <object_component id="oc-37a">
         <name>.text:_setfield</name>
         <load_address>0xc89e</load_address>
         <run_address>0xc89e</run_address>
         <size>0x116</size>
         <input_file_ref idref="fl-3b"/>
      </object_component>
      <object_component id="oc-1a8">
         <name>.text:CC3000_UsynchCallback</name>
         <load_address>0xc9b4</load_address>
         <run_address>0xc9b4</run_address>
         <size>0xe8</size>
         <input_file_ref idref="fl-2"/>
      </object_component>
      <object_component id="oc-3c3">
         <name>.text:hci_patch_send</name>
         <load_address>0xca9c</load_address>
         <run_address>0xca9c</run_address>
         <size>0xe0</size>
         <input_file_ref idref="fl-f"/>
      </object_component>
      <object_component id="oc-e0">
         <name>.text:initDriver</name>
         <load_address>0xcb7c</load_address>
         <run_address>0xcb7c</run_address>
         <size>0xdc</size>
         <input_file_ref idref="fl-2"/>
      </object_component>
      <object_component id="oc-2bb">
         <name>.text:SpiWrite</name>
         <load_address>0xcc58</load_address>
         <run_address>0xcc58</run_address>
         <size>0xce</size>
         <input_file_ref idref="fl-b"/>
      </object_component>
      <object_component id="oc-304">
         <name>.text:__TI_printfi_minimal</name>
         <load_address>0xcd26</load_address>
         <run_address>0xcd26</run_address>
         <size>0xca</size>
         <input_file_ref idref="fl-3b"/>
      </object_component>
      <object_component id="oc-116">
         <name>.text:wlan_connect</name>
         <load_address>0xcdf0</load_address>
         <run_address>0xcdf0</run_address>
         <size>0xc6</size>
         <input_file_ref idref="fl-c"/>
      </object_component>
      <object_component id="oc-1c1">
         <name>.text:wlan_start</name>
         <load_address>0xceb6</load_address>
         <run_address>0xceb6</run_address>
         <size>0xa8</size>
         <input_file_ref idref="fl-c"/>
      </object_component>
      <object_component id="oc-10f">
         <name>.text:getsockopt</name>
         <load_address>0xcf5e</load_address>
         <run_address>0xcf5e</run_address>
         <size>0x8e</size>
         <input_file_ref idref="fl-d"/>
      </object_component>
      <object_component id="oc-56">
         <name>.text:IntSpiGPIOHandler</name>
         <load_address>0xcfec</load_address>
         <run_address>0xcfec</run_address>
         <size>0x86</size>
         <input_file_ref idref="fl-b"/>
      </object_component>
      <object_component id="oc-163">
         <name>.text:SpiReadDataCont</name>
         <load_address>0xd072</load_address>
         <run_address>0xd072</run_address>
         <size>0x82</size>
         <input_file_ref idref="fl-b"/>
      </object_component>
      <object_component id="oc-35c">
         <name>.text:hci_unsol_handle_patch_request</name>
         <load_address>0xd0f4</load_address>
         <run_address>0xd0f4</run_address>
         <size>0x80</size>
         <input_file_ref idref="fl-10"/>
      </object_component>
      <object_component id="oc-e8">
         <name>.text:socket</name>
         <load_address>0xd174</load_address>
         <run_address>0xd174</run_address>
         <size>0x74</size>
         <input_file_ref idref="fl-d"/>
      </object_component>
      <object_component id="oc-1cb">
         <name>.text:wlan_set_event_mask</name>
         <load_address>0xd1e8</load_address>
         <run_address>0xd1e8</run_address>
         <size>0x72</size>
         <input_file_ref idref="fl-c"/>
      </object_component>
      <object_component id="oc-100">
         <name>.text:connect</name>
         <load_address>0xd25a</load_address>
         <run_address>0xd25a</run_address>
         <size>0x68</size>
         <input_file_ref idref="fl-d"/>
      </object_component>
      <object_component id="oc-5b">
         <name>.text:USCI_A0_ISR</name>
         <load_address>0xd2c2</load_address>
         <run_address>0xd2c2</run_address>
         <size>0x60</size>
         <input_file_ref idref="fl-13"/>
      </object_component>
      <object_component id="oc-185">
         <name>.text:pio_init</name>
         <load_address>0xd322</load_address>
         <run_address>0xd322</run_address>
         <size>0x60</size>
         <input_file_ref idref="fl-3"/>
      </object_component>
      <object_component id="oc-1fb">
         <name>.text:set_socket_active_status</name>
         <load_address>0xd382</load_address>
         <run_address>0xd382</run_address>
         <size>0x60</size>
         <input_file_ref idref="fl-10"/>
      </object_component>
      <object_component id="oc-8d">
         <name>.text:__TI_decompress_rle_core</name>
         <load_address>0xd3e2</load_address>
         <run_address>0xd3e2</run_address>
         <size>0x5e</size>
         <input_file_ref idref="fl-2b"/>
      </object_component>
      <object_component id="oc-6a">
         <name>.text:_auto_init</name>
         <load_address>0xd440</load_address>
         <run_address>0xd440</run_address>
         <size>0x5e</size>
         <input_file_ref idref="fl-3d"/>
      </object_component>
      <object_component id="oc-2b5">
         <name>.text:l_lsr_const</name>
         <load_address>0xd49e</load_address>
         <run_address>0xd49e</run_address>
         <size>0x5c</size>
         <input_file_ref idref="fl-34"/>
      </object_component>
      <object_component id="oc-1d7">
         <name>.text:itoa</name>
         <load_address>0xd4fa</load_address>
         <run_address>0xd4fa</run_address>
         <size>0x58</size>
         <input_file_ref idref="fl-2"/>
      </object_component>
      <object_component id="oc-3ea">
         <name>.text:_ltostr</name>
         <load_address>0xd552</load_address>
         <run_address>0xd552</run_address>
         <size>0x56</size>
         <input_file_ref idref="fl-3b"/>
      </object_component>
      <object_component id="oc-290">
         <name>.text:SpiOpen</name>
         <load_address>0xd5a8</load_address>
         <run_address>0xd5a8</run_address>
         <size>0x52</size>
         <input_file_ref idref="fl-b"/>
      </object_component>
      <object_component id="oc-33b">
         <name>.text:SpiFirstWrite</name>
         <load_address>0xd5fa</load_address>
         <run_address>0xd5fa</run_address>
         <size>0x50</size>
         <input_file_ref idref="fl-b"/>
      </object_component>
      <object_component id="oc-2e2">
         <name>.text:HostFlowControlConsumeBuff</name>
         <load_address>0xd64a</load_address>
         <run_address>0xd64a</run_address>
         <size>0x4e</size>
         <input_file_ref idref="fl-d"/>
      </object_component>
      <object_component id="oc-3cb">
         <name>.text:_pproc_diouxp</name>
         <load_address>0xd698</load_address>
         <run_address>0xd698</run_address>
         <size>0x4e</size>
         <input_file_ref idref="fl-3b"/>
      </object_component>
      <object_component id="oc-3ff">
         <name>.text</name>
         <load_address>0xd6e6</load_address>
         <run_address>0xd6e6</run_address>
         <size>0x4c</size>
         <input_file_ref idref="fl-3e"/>
      </object_component>
      <object_component id="oc-15d">
         <name>.text:SpiReadDataSynchronous</name>
         <load_address>0xd732</load_address>
         <run_address>0xd732</run_address>
         <size>0x48</size>
         <input_file_ref idref="fl-b"/>
      </object_component>
      <object_component id="oc-37f">
         <name>.text:_pproc_str</name>
         <load_address>0xd77a</load_address>
         <run_address>0xd77a</run_address>
         <size>0x46</size>
         <input_file_ref idref="fl-3b"/>
      </object_component>
      <object_component id="oc-3a4">
         <name>.text:hci_event_unsol_flowcontrol_handler</name>
         <load_address>0xd7c0</load_address>
         <run_address>0xd7c0</run_address>
         <size>0x46</size>
         <input_file_ref idref="fl-10"/>
      </object_component>
      <object_component id="oc-2ea">
         <name>.text:hci_data_send</name>
         <load_address>0xd806</load_address>
         <run_address>0xd806</run_address>
         <size>0x42</size>
         <input_file_ref idref="fl-f"/>
      </object_component>
      <object_component id="oc-18f">
         <name>.text:DispatcherUARTConfigure</name>
         <load_address>0xd848</load_address>
         <run_address>0xd848</run_address>
         <size>0x40</size>
         <input_file_ref idref="fl-13"/>
      </object_component>
      <object_component id="oc-36f">
         <name>.text:get_socket_active_status</name>
         <load_address>0xd888</load_address>
         <run_address>0xd888</run_address>
         <size>0x40</size>
         <input_file_ref idref="fl-10"/>
      </object_component>
      <object_component id="oc-108">
         <name>.text:send</name>
         <load_address>0xd8c8</load_address>
         <run_address>0xd8c8</run_address>
         <size>0x40</size>
         <input_file_ref idref="fl-d"/>
      </object_component>
      <object_component id="oc-39f">
         <name>.text:l_lsl_const</name>
         <load_address>0xd908</load_address>
         <run_address>0xd908</run_address>
         <size>0x3e</size>
         <input_file_ref idref="fl-33"/>
      </object_component>
      <object_component id="oc-243">
         <name>.text:ConfigureSwitch</name>
         <load_address>0xd946</load_address>
         <run_address>0xd946</run_address>
         <size>0x3a</size>
         <input_file_ref idref="fl-3"/>
      </object_component>
      <object_component id="oc-18a">
         <name>.text:init_spi</name>
         <load_address>0xd980</load_address>
         <run_address>0xd980</run_address>
         <size>0x3a</size>
         <input_file_ref idref="fl-b"/>
      </object_component>
      <object_component id="oc-263">
         <name>.text:sprintf</name>
         <load_address>0xd9ba</load_address>
         <run_address>0xd9ba</run_address>
         <size>0x38</size>
         <input_file_ref idref="fl-38"/>
      </object_component>
      <object_component id="oc-30d">
         <name>.text:hci_unsolicited_event_handler</name>
         <load_address>0xd9f2</load_address>
         <run_address>0xd9f2</run_address>
         <size>0x36</size>
         <input_file_ref idref="fl-10"/>
      </object_component>
      <object_component id="oc-3b0">
         <name>.text:update_socket_active_status</name>
         <load_address>0xda28</load_address>
         <run_address>0xda28</run_address>
         <size>0x34</size>
         <input_file_ref idref="fl-10"/>
      </object_component>
      <object_component id="oc-347">
         <name>.text:STREAM_TO_UINT32_f</name>
         <load_address>0xda5c</load_address>
         <run_address>0xda5c</run_address>
         <size>0x30</size>
         <input_file_ref idref="fl-11"/>
      </object_component>
      <object_component id="oc-a6">
         <name>.text:SpiWriteDataSynchronous</name>
         <load_address>0xda8c</load_address>
         <run_address>0xda8c</run_address>
         <size>0x30</size>
         <input_file_ref idref="fl-b"/>
      </object_component>
      <object_component id="oc-3e5">
         <name>.text:_getarg_diouxp</name>
         <load_address>0xdabc</load_address>
         <run_address>0xdabc</run_address>
         <size>0x2e</size>
         <input_file_ref idref="fl-3b"/>
      </object_component>
      <object_component id="oc-1ef">
         <name>.text:hci_command_send</name>
         <load_address>0xdaea</load_address>
         <run_address>0xdaea</run_address>
         <size>0x2e</size>
         <input_file_ref idref="fl-f"/>
      </object_component>
      <object_component id="oc-1bc">
         <name>.text:wlan_init</name>
         <load_address>0xdb18</load_address>
         <run_address>0xdb18</run_address>
         <size>0x2e</size>
         <input_file_ref idref="fl-c"/>
      </object_component>
      <object_component id="oc-2a9">
         <name>.text</name>
         <load_address>0xdb46</load_address>
         <run_address>0xdb46</run_address>
         <size>0x2c</size>
         <input_file_ref idref="fl-2d"/>
      </object_component>
      <object_component id="oc-2d0">
         <name>.text</name>
         <load_address>0xdb72</load_address>
         <run_address>0xdb72</run_address>
         <size>0x2c</size>
         <input_file_ref idref="fl-32"/>
      </object_component>
      <object_component id="oc-23e">
         <name>.text:initClk</name>
         <load_address>0xdb9e</load_address>
         <run_address>0xdb9e</run_address>
         <size>0x2a</size>
         <input_file_ref idref="fl-3"/>
      </object_component>
      <object_component id="oc-168">
         <name>.text:SpiTriggerRxProcessing</name>
         <load_address>0xdbc8</load_address>
         <run_address>0xdbc8</run_address>
         <size>0x28</size>
         <input_file_ref idref="fl-b"/>
      </object_component>
      <object_component id="oc-1ea">
         <name>.text:UINT32_TO_STREAM_f</name>
         <load_address>0xdbf0</load_address>
         <run_address>0xdbf0</run_address>
         <size>0x28</size>
         <input_file_ref idref="fl-11"/>
      </object_component>
      <object_component id="oc-29a">
         <name>.text:SimpleLink_Init_Start</name>
         <load_address>0xdc18</load_address>
         <run_address>0xdc18</run_address>
         <size>0x24</size>
         <input_file_ref idref="fl-c"/>
      </object_component>
      <object_component id="oc-1e1">
         <name>.text:wakeup_timer_init</name>
         <load_address>0xdc3c</load_address>
         <run_address>0xdc3c</run_address>
         <size>0x24</size>
         <input_file_ref idref="fl-3"/>
      </object_component>
      <object_component id="oc-f1">
         <name>.text:wlan_stop</name>
         <load_address>0xdc60</load_address>
         <run_address>0xdc60</run_address>
         <size>0x20</size>
         <input_file_ref idref="fl-c"/>
      </object_component>
      <object_component id="oc-3d0">
         <name>.text:memccpy</name>
         <load_address>0xdc80</load_address>
         <run_address>0xdc80</run_address>
         <size>0x1c</size>
         <input_file_ref idref="fl-3f"/>
      </object_component>
      <object_component id="oc-3a">
         <name>.text:_c_int00_noexit</name>
         <load_address>0xdc9c</load_address>
         <run_address>0xdc9c</run_address>
         <size>0x1a</size>
         <input_file_ref idref="fl-29"/>
      </object_component>
      <object_component id="oc-2fa">
         <name>.text:_outs</name>
         <load_address>0xdcb6</load_address>
         <run_address>0xdcb6</run_address>
         <size>0x1a</size>
         <input_file_ref idref="fl-38"/>
      </object_component>
      <object_component id="oc-3f3">
         <name>.text:_div</name>
         <load_address>0xdcd0</load_address>
         <run_address>0xdcd0</run_address>
         <size>0x18</size>
         <input_file_ref idref="fl-3b"/>
      </object_component>
      <object_component id="oc-323">
         <name>.text</name>
         <load_address>0xdce8</load_address>
         <run_address>0xdce8</run_address>
         <size>0x16</size>
         <input_file_ref idref="fl-2e"/>
      </object_component>
      <object_component id="oc-1d2">
         <name>.text:DispatcherUartSendPacket</name>
         <load_address>0xdcfe</load_address>
         <run_address>0xdcfe</run_address>
         <size>0x14</size>
         <input_file_ref idref="fl-13"/>
      </object_component>
      <object_component id="oc-44">
         <name>.text:decompress:ZI:__TI_zero_init</name>
         <load_address>0xdd12</load_address>
         <run_address>0xdd12</run_address>
         <size>0x14</size>
         <input_file_ref idref="fl-2c"/>
      </object_component>
      <object_component id="oc-c0">
         <name>.text:memset</name>
         <load_address>0xdd26</load_address>
         <run_address>0xdd26</run_address>
         <size>0x14</size>
         <input_file_ref idref="fl-36"/>
      </object_component>
      <object_component id="oc-3f8">
         <name>.text</name>
         <load_address>0xdd3a</load_address>
         <run_address>0xdd3a</run_address>
         <size>0x14</size>
         <input_file_ref idref="fl-40"/>
      </object_component>
      <object_component id="oc-b5">
         <name>.text:SSIContReadOperation</name>
         <load_address>0xdd4e</load_address>
         <run_address>0xdd4e</run_address>
         <size>0x12</size>
         <input_file_ref idref="fl-b"/>
      </object_component>
      <object_component id="oc-2ff">
         <name>.text:_outc</name>
         <load_address>0xdd60</load_address>
         <run_address>0xdd60</run_address>
         <size>0x12</size>
         <input_file_ref idref="fl-38"/>
      </object_component>
      <object_component id="oc-3f">
         <name>.text:decompress:none:__TI_decompress_none</name>
         <load_address>0xdd72</load_address>
         <run_address>0xdd72</run_address>
         <size>0x12</size>
         <input_file_ref idref="fl-2a"/>
      </object_component>
      <object_component id="oc-7a">
         <name>.text:memcpy</name>
         <load_address>0xdd84</load_address>
         <run_address>0xdd84</run_address>
         <size>0x12</size>
         <input_file_ref idref="fl-35"/>
      </object_component>
      <object_component id="oc-22c">
         <name>.text:STREAM_TO_UINT16_f</name>
         <load_address>0xdd96</load_address>
         <run_address>0xdd96</run_address>
         <size>0x10</size>
         <input_file_ref idref="fl-11"/>
      </object_component>
      <object_component id="oc-1f4">
         <name>.text:SimpleLinkWaitEvent</name>
         <load_address>0xdda6</load_address>
         <run_address>0xdda6</run_address>
         <size>0x10</size>
         <input_file_ref idref="fl-10"/>
      </object_component>
      <object_component id="oc-21c">
         <name>.text:UINT16_TO_STREAM_f</name>
         <load_address>0xddb6</load_address>
         <run_address>0xddb6</run_address>
         <size>0x10</size>
         <input_file_ref idref="fl-11"/>
      </object_component>
      <object_component id="oc-199">
         <name>.text:WlanInterruptEnable</name>
         <load_address>0xddc6</load_address>
         <run_address>0xddc6</run_address>
         <size>0x10</size>
         <input_file_ref idref="fl-3"/>
      </object_component>
      <object_component id="oc-1a3">
         <name>.text:WriteWlanPin</name>
         <load_address>0xddd6</load_address>
         <run_address>0xddd6</run_address>
         <size>0x10</size>
         <input_file_ref idref="fl-3"/>
      </object_component>
      <object_component id="oc-2cc">
         <name>.text:l_lsl</name>
         <load_address>0xdde6</load_address>
         <run_address>0xdde6</run_address>
         <size>0x10</size>
         <input_file_ref idref="fl-33"/>
      </object_component>
      <object_component id="oc-cf">
         <name>.text</name>
         <load_address>0xddf6</load_address>
         <run_address>0xddf6</run_address>
         <size>0x10</size>
         <input_file_ref idref="fl-2f"/>
      </object_component>
      <object_component id="oc-206">
         <name>.text:SpiClose</name>
         <load_address>0xde06</load_address>
         <run_address>0xde06</run_address>
         <size>0xe</size>
         <input_file_ref idref="fl-b"/>
      </object_component>
      <object_component id="oc-1dc">
         <name>.text:strlen</name>
         <load_address>0xde14</load_address>
         <run_address>0xde14</run_address>
         <size>0xe</size>
         <input_file_ref idref="fl-39"/>
      </object_component>
      <object_component id="oc-194">
         <name>.text:ReadWlanInterruptPin</name>
         <load_address>0xde22</load_address>
         <run_address>0xde22</run_address>
         <size>0xc</size>
         <input_file_ref idref="fl-3"/>
      </object_component>
      <object_component id="oc-ae">
         <name>.text:SpiReadHeader</name>
         <load_address>0xde2e</load_address>
         <run_address>0xde2e</run_address>
         <size>0xc</size>
         <input_file_ref idref="fl-b"/>
      </object_component>
      <object_component id="oc-28b">
         <name>.text:SpiReceiveHandler</name>
         <load_address>0xde3a</load_address>
         <run_address>0xde3a</run_address>
         <size>0xc</size>
         <input_file_ref idref="fl-c"/>
      </object_component>
      <object_component id="oc-1b7">
         <name>.text:sendBootLoaderPatch</name>
         <load_address>0xde46</load_address>
         <run_address>0xde46</run_address>
         <size>0xc</size>
         <input_file_ref idref="fl-2"/>
      </object_component>
      <object_component id="oc-1b2">
         <name>.text:sendDriverPatch</name>
         <load_address>0xde52</load_address>
         <run_address>0xde52</run_address>
         <size>0xc</size>
         <input_file_ref idref="fl-2"/>
      </object_component>
      <object_component id="oc-1ad">
         <name>.text:sendWLFWPatch</name>
         <load_address>0xde5e</load_address>
         <run_address>0xde5e</run_address>
         <size>0xc</size>
         <input_file_ref idref="fl-2"/>
      </object_component>
      <object_component id="oc-156">
         <name>.text:RXBufferIsEmpty</name>
         <load_address>0xde6a</load_address>
         <run_address>0xde6a</run_address>
         <size>0xa</size>
         <input_file_ref idref="fl-b"/>
      </object_component>
      <object_component id="oc-60">
         <name>.text:TIMER1_A0_ISR</name>
         <load_address>0xde74</load_address>
         <run_address>0xde74</run_address>
         <size>0xa</size>
         <input_file_ref idref="fl-3"/>
      </object_component>
      <object_component id="oc-151">
         <name>.text:TXBufferIsEmpty</name>
         <load_address>0xde7e</load_address>
         <run_address>0xde7e</run_address>
         <size>0xa</size>
         <input_file_ref idref="fl-b"/>
      </object_component>
      <object_component id="oc-232">
         <name>.text:SpiPauseSpi</name>
         <load_address>0xde88</load_address>
         <run_address>0xde88</run_address>
         <size>0x8</size>
         <input_file_ref idref="fl-b"/>
      </object_component>
      <object_component id="oc-357">
         <name>.text:SpiResumeSpi</name>
         <load_address>0xde90</load_address>
         <run_address>0xde90</run_address>
         <size>0x8</size>
         <input_file_ref idref="fl-b"/>
      </object_component>
      <object_component id="oc-19e">
         <name>.text:WlanInterruptDisable</name>
         <load_address>0xde98</load_address>
         <run_address>0xde98</run_address>
         <size>0x8</size>
         <input_file_ref idref="fl-3"/>
      </object_component>
      <object_component id="oc-49">
         <name>.text:decompress:rle24:__TI_decompress_rle24</name>
         <load_address>0xdea0</load_address>
         <run_address>0xdea0</run_address>
         <size>0x6</size>
         <input_file_ref idref="fl-2b"/>
      </object_component>
      <object_component id="oc-65">
         <name>.text:_system_pre_init</name>
         <load_address>0xdea6</load_address>
         <run_address>0xdea6</run_address>
         <size>0x4</size>
         <input_file_ref idref="fl-37"/>
      </object_component>
      <object_component id="oc-74">
         <name>.text:abort</name>
         <load_address>0xdeaa</load_address>
         <run_address>0xdeaa</run_address>
         <size>0x4</size>
         <input_file_ref idref="fl-31"/>
      </object_component>
      <object_component id="oc-51">
         <name>.text:Trap_ISR</name>
         <load_address>0xdeae</load_address>
         <run_address>0xdeae</run_address>
         <size>0x2</size>
         <input_file_ref idref="fl-3"/>
      </object_component>
      <object_component id="oc-25d">
         <name>.text:turnLedOff</name>
         <load_address>0xdeb0</load_address>
         <run_address>0xdeb0</run_address>
         <size>0x2</size>
         <input_file_ref idref="fl-3"/>
      </object_component>
      <object_component id="oc-1c6">
         <name>.text:turnLedOn</name>
         <load_address>0xdeb2</load_address>
         <run_address>0xdeb2</run_address>
         <size>0x2</size>
         <input_file_ref idref="fl-3"/>
      </object_component>
      <object_component id="oc-43e">
         <name>.cinit..data.load</name>
         <load_address>0xdf0e</load_address>
         <run_address>0xdf0e</run_address>
         <size>0x1e</size>
      </object_component>
      <object_component id="oc-43b">
         <name>__TI_handler_table</name>
         <load_address>0xdf2c</load_address>
         <run_address>0xdf2c</run_address>
         <size>0x6</size>
      </object_component>
      <object_component id="oc-43d">
         <name>.cinit..bss.load</name>
         <load_address>0xdf32</load_address>
         <run_address>0xdf32</run_address>
         <size>0x4</size>
      </object_component>
      <object_component id="oc-43c">
         <name>__TI_cinit_table</name>
         <load_address>0xdf36</load_address>
         <run_address>0xdf36</run_address>
         <size>0x8</size>
      </object_component>
      <object_component id="oc-107">
         <name>.const:.string</name>
         <load_address>0xdeb4</load_address>
         <run_address>0xdeb4</run_address>
         <size>0x28</size>
         <input_file_ref idref="fl-2"/>
      </object_component>
      <object_component id="oc-1d0">
         <name>.const:.string:pucUARTExampleAppString</name>
         <load_address>0xdedc</load_address>
         <run_address>0xdedc</run_address>
         <size>0x1d</size>
         <input_file_ref idref="fl-2"/>
      </object_component>
      <object_component id="oc-3ca">
         <name>.const:.string</name>
         <load_address>0xdefa</load_address>
         <run_address>0xdefa</run_address>
         <size>0x14</size>
         <input_file_ref idref="fl-3b"/>
      </object_component>
      <object_component id="oc-2e">
         <name>.int02</name>
         <load_address>0xffe4</load_address>
         <run_address>0xffe4</run_address>
         <size>0x2</size>
         <input_file_ref idref="fl-3"/>
      </object_component>
      <object_component id="oc-2f">
         <name>.int03</name>
         <load_address>0xffe6</load_address>
         <run_address>0xffe6</run_address>
         <size>0x2</size>
         <input_file_ref idref="fl-b"/>
      </object_component>
      <object_component id="oc-30">
         <name>.int05</name>
         <load_address>0xffea</load_address>
         <run_address>0xffea</run_address>
         <size>0x2</size>
         <input_file_ref idref="fl-3"/>
      </object_component>
      <object_component id="oc-31">
         <name>.int06</name>
         <load_address>0xffec</load_address>
         <run_address>0xffec</run_address>
         <size>0x2</size>
         <input_file_ref idref="fl-3"/>
      </object_component>
      <object_component id="oc-32">
         <name>.int07</name>
         <load_address>0xffee</load_address>
         <run_address>0xffee</run_address>
         <size>0x2</size>
         <input_file_ref idref="fl-13"/>
      </object_component>
      <object_component id="oc-33">
         <name>.int08</name>
         <load_address>0xfff0</load_address>
         <run_address>0xfff0</run_address>
         <size>0x2</size>
         <input_file_ref idref="fl-3"/>
      </object_component>
      <object_component id="oc-34">
         <name>.int09</name>
         <load_address>0xfff2</load_address>
         <run_address>0xfff2</run_address>
         <size>0x2</size>
         <input_file_ref idref="fl-3"/>
      </object_component>
      <object_component id="oc-35">
         <name>.int10</name>
         <load_address>0xfff4</load_address>
         <run_address>0xfff4</run_address>
         <size>0x2</size>
         <input_file_ref idref="fl-3"/>
      </object_component>
      <object_component id="oc-36">
         <name>.int11</name>
         <load_address>0xfff6</load_address>
         <run_address>0xfff6</run_address>
         <size>0x2</size>
         <input_file_ref idref="fl-3"/>
      </object_component>
      <object_component id="oc-37">
         <name>.int12</name>
         <load_address>0xfff8</load_address>
         <run_address>0xfff8</run_address>
         <size>0x2</size>
         <input_file_ref idref="fl-3"/>
      </object_component>
      <object_component id="oc-38">
         <name>.int13</name>
         <load_address>0xfffa</load_address>
         <run_address>0xfffa</run_address>
         <size>0x2</size>
         <input_file_ref idref="fl-3"/>
      </object_component>
      <object_component id="oc-39">
         <name>.int14</name>
         <load_address>0xfffc</load_address>
         <run_address>0xfffc</run_address>
         <size>0x2</size>
         <input_file_ref idref="fl-3"/>
      </object_component>
      <object_component id="oc-50">
         <name>.reset</name>
         <load_address>0xfffe</load_address>
         <run_address>0xfffe</run_address>
         <size>0x2</size>
         <input_file_ref idref="fl-29"/>
      </object_component>
      <object_component id="oc-253">
         <name>.common:ulSmartConfigFinished</name>
         <uninitialized>true</uninitialized>
         <run_address>0x2fa</run_address>
         <size>0x4</size>
      </object_component>
      <object_component id="oc-258">
         <name>.common:ulCC3000Connected</name>
         <uninitialized>true</uninitialized>
         <run_address>0x2ee</run_address>
         <size>0x4</size>
      </object_component>
      <object_component id="oc-26b">
         <name>.common:ulCC3000DHCP</name>
         <uninitialized>true</uninitialized>
         <run_address>0x2f2</run_address>
         <size>0x4</size>
      </object_component>
      <object_component id="oc-26d">
         <name>.common:OkToDoShutDown</name>
         <uninitialized>true</uninitialized>
         <run_address>0x2ea</run_address>
         <size>0x4</size>
      </object_component>
      <object_component id="oc-25c">
         <name>.common:ulCC3000DHCP_configured</name>
         <uninitialized>true</uninitialized>
         <run_address>0x2f6</run_address>
         <size>0x4</size>
      </object_component>
      <object_component id="oc-10d">
         <name>.common:optval</name>
         <uninitialized>true</uninitialized>
         <run_address>0x304</run_address>
         <size>0x2</size>
      </object_component>
      <object_component id="oc-10e">
         <name>.common:optlen</name>
         <uninitialized>true</uninitialized>
         <run_address>0x302</run_address>
         <size>0x2</size>
      </object_component>
      <object_component id="oc-254">
         <name>.common:ucStopSmartConfig</name>
         <uninitialized>true</uninitialized>
         <run_address>0x307</run_address>
         <size>0x1</size>
      </object_component>
      <object_component id="oc-120">
         <name>.common:ulSocket</name>
         <uninitialized>true</uninitialized>
         <run_address>0x2fe</run_address>
         <size>0x4</size>
      </object_component>
      <object_component id="oc-ff">
         <name>.common:tSocketAddr</name>
         <uninitialized>true</uninitialized>
         <run_address>0x2cc</run_address>
         <size>0x10</size>
      </object_component>
      <object_component id="oc-262">
         <name>.common:pucCC3000_Rx_Buffer</name>
         <uninitialized>true</uninitialized>
         <run_address>0x296</run_address>
         <size>0x1c</size>
      </object_component>
      <object_component id="oc-39d">
         <name>.common:sSpiInformation</name>
         <uninitialized>true</uninitialized>
         <run_address>0x2dc</run_address>
         <size>0xe</size>
      </object_component>
      <object_component id="oc-31d">
         <name>.common:spi_buffer</name>
         <uninitialized>true</uninitialized>
         <run_address>0x26a</run_address>
         <size>0x2c</size>
      </object_component>
      <object_component id="oc-32f">
         <name>.common:wlan_tx_buffer</name>
         <uninitialized>true</uninitialized>
         <run_address>0x200</run_address>
         <size>0x3c</size>
      </object_component>
      <object_component id="oc-3e1">
         <name>.common:tSLInformation</name>
         <uninitialized>true</uninitialized>
         <run_address>0x23c</run_address>
         <size>0x2e</size>
      </object_component>
      <object_component id="oc-24b">
         <name>.common:g_ucUARTBuffer</name>
         <uninitialized>true</uninitialized>
         <run_address>0x2b2</run_address>
         <size>0x1a</size>
      </object_component>
      <object_component id="oc-24a">
         <name>.common:g_ucLength</name>
         <uninitialized>true</uninitialized>
         <run_address>0x306</run_address>
         <size>0x1</size>
      </object_component>
      <object_component id="oc-ca">
         <name>.data</name>
         <load_address>0x32a</load_address>
         <run_address>0x32a</run_address>
         <size>0x2</size>
         <input_file_ref idref="fl-13"/>
      </object_component>
      <object_component id="oc-de">
         <name>.data</name>
         <load_address>0x314</load_address>
         <run_address>0x314</run_address>
         <size>0xb</size>
         <input_file_ref idref="fl-2"/>
      </object_component>
      <object_component id="oc-1f9">
         <name>.data</name>
         <load_address>0x32c</load_address>
         <run_address>0x32c</run_address>
         <size>0x2</size>
         <input_file_ref idref="fl-30"/>
      </object_component>
      <object_component id="oc-226">
         <name>.data:tSpiReadHeader</name>
         <load_address>0x320</load_address>
         <run_address>0x320</run_address>
         <size>0x5</size>
         <input_file_ref idref="fl-b"/>
      </object_component>
      <object_component id="oc-2ad">
         <name>.data:digits</name>
         <load_address>0x308</load_address>
         <run_address>0x308</run_address>
         <size>0xb</size>
         <input_file_ref idref="fl-2"/>
      </object_component>
      <object_component id="oc-2d4">
         <name>.data</name>
         <load_address>0x326</load_address>
         <run_address>0x326</run_address>
         <size>0x4</size>
         <input_file_ref idref="fl-10"/>
      </object_component>
      <object_component id="oc-3b">
         <name>.debug_line</name>
         <load_address>0x0</load_address>
         <run_address>0x0</run_address>
         <size>0x44</size>
         <input_file_ref idref="fl-29"/>
      </object_component>
      <object_component id="oc-42">
         <name>.debug_line</name>
         <load_address>0x44</load_address>
         <run_address>0x44</run_address>
         <size>0x50</size>
         <input_file_ref idref="fl-2a"/>
      </object_component>
      <object_component id="oc-46">
         <name>.debug_line</name>
         <load_address>0x94</load_address>
         <run_address>0x94</run_address>
         <size>0x4a</size>
         <input_file_ref idref="fl-2c"/>
      </object_component>
      <object_component id="oc-4b">
         <name>.debug_line</name>
         <load_address>0xde</load_address>
         <run_address>0xde</run_address>
         <size>0x49</size>
         <input_file_ref idref="fl-2b"/>
      </object_component>
      <object_component id="oc-53">
         <name>.debug_line</name>
         <load_address>0x127</load_address>
         <run_address>0x127</run_address>
         <size>0xab</size>
         <input_file_ref idref="fl-3"/>
      </object_component>
      <object_component id="oc-58">
         <name>.debug_line</name>
         <load_address>0x1d2</load_address>
         <run_address>0x1d2</run_address>
         <size>0xc2</size>
         <input_file_ref idref="fl-b"/>
      </object_component>
      <object_component id="oc-5c">
         <name>.debug_line</name>
         <load_address>0x294</load_address>
         <run_address>0x294</run_address>
         <size>0xbf</size>
         <input_file_ref idref="fl-13"/>
      </object_component>
      <object_component id="oc-62">
         <name>.debug_line</name>
         <load_address>0x353</load_address>
         <run_address>0x353</run_address>
         <size>0xac</size>
         <input_file_ref idref="fl-3"/>
      </object_component>
      <object_component id="oc-68">
         <name>.debug_line</name>
         <load_address>0x3ff</load_address>
         <run_address>0x3ff</run_address>
         <size>0x3e</size>
         <input_file_ref idref="fl-37"/>
      </object_component>
      <object_component id="oc-6c">
         <name>.debug_line</name>
         <load_address>0x43d</load_address>
         <run_address>0x43d</run_address>
         <size>0x6b</size>
         <input_file_ref idref="fl-3d"/>
      </object_component>
      <object_component id="oc-71">
         <name>.debug_line</name>
         <load_address>0x4a8</load_address>
         <run_address>0x4a8</run_address>
         <size>0x114</size>
         <input_file_ref idref="fl-2"/>
      </object_component>
      <object_component id="oc-76">
         <name>.debug_line</name>
         <load_address>0x5bc</load_address>
         <run_address>0x5bc</run_address>
         <size>0x3a</size>
         <input_file_ref idref="fl-31"/>
      </object_component>
      <object_component id="oc-7c">
         <name>.debug_line</name>
         <load_address>0x5f6</load_address>
         <run_address>0x5f6</run_address>
         <size>0x45</size>
         <input_file_ref idref="fl-35"/>
      </object_component>
      <object_component id="oc-82">
         <name>.debug_line</name>
         <load_address>0x63b</load_address>
         <run_address>0x63b</run_address>
         <size>0x3a</size>
         <input_file_ref idref="fl-2a"/>
      </object_component>
      <object_component id="oc-89">
         <name>.debug_line</name>
         <load_address>0x675</load_address>
         <run_address>0x675</run_address>
         <size>0x34</size>
         <input_file_ref idref="fl-2c"/>
      </object_component>
      <object_component id="oc-8f">
         <name>.debug_line</name>
         <load_address>0x6a9</load_address>
         <run_address>0x6a9</run_address>
         <size>0x80</size>
         <input_file_ref idref="fl-2b"/>
      </object_component>
      <object_component id="oc-96">
         <name>.debug_line</name>
         <load_address>0x729</load_address>
         <run_address>0x729</run_address>
         <size>0x39</size>
         <input_file_ref idref="fl-2b"/>
      </object_component>
      <object_component id="oc-9a">
         <name>.debug_line</name>
         <load_address>0x762</load_address>
         <run_address>0x762</run_address>
         <size>0x2a</size>
         <input_file_ref idref="fl-29"/>
      </object_component>
      <object_component id="oc-9d">
         <name>.debug_line</name>
         <load_address>0x78c</load_address>
         <run_address>0x78c</run_address>
         <size>0x20</size>
         <input_file_ref idref="fl-2"/>
      </object_component>
      <object_component id="oc-a8">
         <name>.debug_line</name>
         <load_address>0x7ac</load_address>
         <run_address>0x7ac</run_address>
         <size>0xb0</size>
         <input_file_ref idref="fl-b"/>
      </object_component>
      <object_component id="oc-b0">
         <name>.debug_line</name>
         <load_address>0x85c</load_address>
         <run_address>0x85c</run_address>
         <size>0x9e</size>
         <input_file_ref idref="fl-b"/>
      </object_component>
      <object_component id="oc-b7">
         <name>.debug_line</name>
         <load_address>0x8fa</load_address>
         <run_address>0x8fa</run_address>
         <size>0xa1</size>
         <input_file_ref idref="fl-b"/>
      </object_component>
      <object_component id="oc-c2">
         <name>.debug_line</name>
         <load_address>0x99b</load_address>
         <run_address>0x99b</run_address>
         <size>0x5d</size>
         <input_file_ref idref="fl-36"/>
      </object_component>
      <object_component id="oc-d1">
         <name>.debug_line</name>
         <load_address>0x9f8</load_address>
         <run_address>0x9f8</run_address>
         <size>0x40</size>
         <input_file_ref idref="fl-2f"/>
      </object_component>
      <object_component id="oc-e2">
         <name>.debug_line</name>
         <load_address>0xa38</load_address>
         <run_address>0xa38</run_address>
         <size>0xc7</size>
         <input_file_ref idref="fl-2"/>
      </object_component>
      <object_component id="oc-eb">
         <name>.debug_line</name>
         <load_address>0xaff</load_address>
         <run_address>0xaff</run_address>
         <size>0xb0</size>
         <input_file_ref idref="fl-d"/>
      </object_component>
      <object_component id="oc-f4">
         <name>.debug_line</name>
         <load_address>0xbaf</load_address>
         <run_address>0xbaf</run_address>
         <size>0xb1</size>
         <input_file_ref idref="fl-c"/>
      </object_component>
      <object_component id="oc-103">
         <name>.debug_line</name>
         <load_address>0xc60</load_address>
         <run_address>0xc60</run_address>
         <size>0xb0</size>
         <input_file_ref idref="fl-d"/>
      </object_component>
      <object_component id="oc-10b">
         <name>.debug_line</name>
         <load_address>0xd10</load_address>
         <run_address>0xd10</run_address>
         <size>0xa7</size>
         <input_file_ref idref="fl-d"/>
      </object_component>
      <object_component id="oc-112">
         <name>.debug_line</name>
         <load_address>0xdb7</load_address>
         <run_address>0xdb7</run_address>
         <size>0xb4</size>
         <input_file_ref idref="fl-d"/>
      </object_component>
      <object_component id="oc-119">
         <name>.debug_line</name>
         <load_address>0xe6b</load_address>
         <run_address>0xe6b</run_address>
         <size>0xb3</size>
         <input_file_ref idref="fl-c"/>
      </object_component>
      <object_component id="oc-127">
         <name>.debug_line</name>
         <load_address>0xf1e</load_address>
         <run_address>0xf1e</run_address>
         <size>0x5f</size>
         <input_file_ref idref="fl-c"/>
      </object_component>
      <object_component id="oc-12c">
         <name>.debug_line</name>
         <load_address>0xf7d</load_address>
         <run_address>0xf7d</run_address>
         <size>0x44</size>
         <input_file_ref idref="fl-2a"/>
      </object_component>
      <object_component id="oc-130">
         <name>.debug_line</name>
         <load_address>0xfc1</load_address>
         <run_address>0xfc1</run_address>
         <size>0x20</size>
         <input_file_ref idref="fl-2a"/>
      </object_component>
      <object_component id="oc-132">
         <name>.debug_line</name>
         <load_address>0xfe1</load_address>
         <run_address>0xfe1</run_address>
         <size>0x20</size>
         <input_file_ref idref="fl-2c"/>
      </object_component>
      <object_component id="oc-135">
         <name>.debug_line</name>
         <load_address>0x1001</load_address>
         <run_address>0x1001</run_address>
         <size>0x20</size>
         <input_file_ref idref="fl-2b"/>
      </object_component>
      <object_component id="oc-137">
         <name>.debug_line</name>
         <load_address>0x1021</load_address>
         <run_address>0x1021</run_address>
         <size>0x17d</size>
         <input_file_ref idref="fl-b"/>
      </object_component>
      <object_component id="oc-13a">
         <name>.debug_line</name>
         <load_address>0x119e</load_address>
         <run_address>0x119e</run_address>
         <size>0x9b</size>
         <input_file_ref idref="fl-2"/>
      </object_component>
      <object_component id="oc-13f">
         <name>.debug_line</name>
         <load_address>0x1239</load_address>
         <run_address>0x1239</run_address>
         <size>0x84</size>
         <input_file_ref idref="fl-2"/>
      </object_component>
      <object_component id="oc-144">
         <name>.debug_line</name>
         <load_address>0x12bd</load_address>
         <run_address>0x12bd</run_address>
         <size>0x94</size>
         <input_file_ref idref="fl-2"/>
      </object_component>
      <object_component id="oc-149">
         <name>.debug_line</name>
         <load_address>0x1351</load_address>
         <run_address>0x1351</run_address>
         <size>0x8b</size>
         <input_file_ref idref="fl-b"/>
      </object_component>
      <object_component id="oc-14e">
         <name>.debug_line</name>
         <load_address>0x13dc</load_address>
         <run_address>0x13dc</run_address>
         <size>0x5f</size>
         <input_file_ref idref="fl-2"/>
      </object_component>
      <object_component id="oc-153">
         <name>.debug_line</name>
         <load_address>0x143b</load_address>
         <run_address>0x143b</run_address>
         <size>0x9e</size>
         <input_file_ref idref="fl-b"/>
      </object_component>
      <object_component id="oc-158">
         <name>.debug_line</name>
         <load_address>0x14d9</load_address>
         <run_address>0x14d9</run_address>
         <size>0x9e</size>
         <input_file_ref idref="fl-b"/>
      </object_component>
      <object_component id="oc-15f">
         <name>.debug_line</name>
         <load_address>0x1577</load_address>
         <run_address>0x1577</run_address>
         <size>0xb0</size>
         <input_file_ref idref="fl-b"/>
      </object_component>
      <object_component id="oc-165">
         <name>.debug_line</name>
         <load_address>0x1627</load_address>
         <run_address>0x1627</run_address>
         <size>0xcc</size>
         <input_file_ref idref="fl-b"/>
      </object_component>
      <object_component id="oc-16a">
         <name>.debug_line</name>
         <load_address>0x16f3</load_address>
         <run_address>0x16f3</run_address>
         <size>0xa5</size>
         <input_file_ref idref="fl-b"/>
      </object_component>
      <object_component id="oc-16f">
         <name>.debug_line</name>
         <load_address>0x1798</load_address>
         <run_address>0x1798</run_address>
         <size>0x145</size>
         <input_file_ref idref="fl-13"/>
      </object_component>
      <object_component id="oc-173">
         <name>.debug_line</name>
         <load_address>0x18dd</load_address>
         <run_address>0x18dd</run_address>
         <size>0x9c</size>
         <input_file_ref idref="fl-13"/>
      </object_component>
      <object_component id="oc-176">
         <name>.debug_line</name>
         <load_address>0x1979</load_address>
         <run_address>0x1979</run_address>
         <size>0x2e</size>
         <input_file_ref idref="fl-3d"/>
      </object_component>
      <object_component id="oc-179">
         <name>.debug_line</name>
         <load_address>0x19a7</load_address>
         <run_address>0x19a7</run_address>
         <size>0x2e</size>
         <input_file_ref idref="fl-3d"/>
      </object_component>
      <object_component id="oc-17d">
         <name>.debug_line</name>
         <load_address>0x19d5</load_address>
         <run_address>0x19d5</run_address>
         <size>0x441</size>
         <input_file_ref idref="fl-2"/>
      </object_component>
      <object_component id="oc-180">
         <name>.debug_line</name>
         <load_address>0x1e16</load_address>
         <run_address>0x1e16</run_address>
         <size>0x94</size>
         <input_file_ref idref="fl-2"/>
      </object_component>
      <object_component id="oc-184">
         <name>.debug_line</name>
         <load_address>0x1eaa</load_address>
         <run_address>0x1eaa</run_address>
         <size>0x9c</size>
         <input_file_ref idref="fl-2"/>
      </object_component>
      <object_component id="oc-187">
         <name>.debug_line</name>
         <load_address>0x1f46</load_address>
         <run_address>0x1f46</run_address>
         <size>0xb8</size>
         <input_file_ref idref="fl-3"/>
      </object_component>
      <object_component id="oc-18c">
         <name>.debug_line</name>
         <load_address>0x1ffe</load_address>
         <run_address>0x1ffe</run_address>
         <size>0xaa</size>
         <input_file_ref idref="fl-b"/>
      </object_component>
      <object_component id="oc-190">
         <name>.debug_line</name>
         <load_address>0x20a8</load_address>
         <run_address>0x20a8</run_address>
         <size>0xb9</size>
         <input_file_ref idref="fl-13"/>
      </object_component>
      <object_component id="oc-196">
         <name>.debug_line</name>
         <load_address>0x2161</load_address>
         <run_address>0x2161</run_address>
         <size>0xab</size>
         <input_file_ref idref="fl-3"/>
      </object_component>
      <object_component id="oc-19b">
         <name>.debug_line</name>
         <load_address>0x220c</load_address>
         <run_address>0x220c</run_address>
         <size>0xad</size>
         <input_file_ref idref="fl-3"/>
      </object_component>
      <object_component id="oc-1a0">
         <name>.debug_line</name>
         <load_address>0x22b9</load_address>
         <run_address>0x22b9</run_address>
         <size>0xab</size>
         <input_file_ref idref="fl-3"/>
      </object_component>
      <object_component id="oc-1a5">
         <name>.debug_line</name>
         <load_address>0x2364</load_address>
         <run_address>0x2364</run_address>
         <size>0xaf</size>
         <input_file_ref idref="fl-3"/>
      </object_component>
      <object_component id="oc-1aa">
         <name>.debug_line</name>
         <load_address>0x2413</load_address>
         <run_address>0x2413</run_address>
         <size>0xdd</size>
         <input_file_ref idref="fl-2"/>
      </object_component>
      <object_component id="oc-1af">
         <name>.debug_line</name>
         <load_address>0x24f0</load_address>
         <run_address>0x24f0</run_address>
         <size>0xb0</size>
         <input_file_ref idref="fl-2"/>
      </object_component>
      <object_component id="oc-1b4">
         <name>.debug_line</name>
         <load_address>0x25a0</load_address>
         <run_address>0x25a0</run_address>
         <size>0xb0</size>
         <input_file_ref idref="fl-2"/>
      </object_component>
      <object_component id="oc-1b9">
         <name>.debug_line</name>
         <load_address>0x2650</load_address>
         <run_address>0x2650</run_address>
         <size>0xb0</size>
         <input_file_ref idref="fl-2"/>
      </object_component>
      <object_component id="oc-1bf">
         <name>.debug_line</name>
         <load_address>0x2700</load_address>
         <run_address>0x2700</run_address>
         <size>0xb0</size>
         <input_file_ref idref="fl-c"/>
      </object_component>
      <object_component id="oc-1c4">
         <name>.debug_line</name>
         <load_address>0x27b0</load_address>
         <run_address>0x27b0</run_address>
         <size>0xbd</size>
         <input_file_ref idref="fl-c"/>
      </object_component>
      <object_component id="oc-1c8">
         <name>.debug_line</name>
         <load_address>0x286d</load_address>
         <run_address>0x286d</run_address>
         <size>0xa8</size>
         <input_file_ref idref="fl-3"/>
      </object_component>
      <object_component id="oc-1ce">
         <name>.debug_line</name>
         <load_address>0x2915</load_address>
         <run_address>0x2915</run_address>
         <size>0xbd</size>
         <input_file_ref idref="fl-c"/>
      </object_component>
      <object_component id="oc-1d4">
         <name>.debug_line</name>
         <load_address>0x29d2</load_address>
         <run_address>0x29d2</run_address>
         <size>0xb8</size>
         <input_file_ref idref="fl-13"/>
      </object_component>
      <object_component id="oc-1d9">
         <name>.debug_line</name>
         <load_address>0x2a8a</load_address>
         <run_address>0x2a8a</run_address>
         <size>0xca</size>
         <input_file_ref idref="fl-2"/>
      </object_component>
      <object_component id="oc-1df">
         <name>.debug_line</name>
         <load_address>0x2b54</load_address>
         <run_address>0x2b54</run_address>
         <size>0x5d</size>
         <input_file_ref idref="fl-39"/>
      </object_component>
      <object_component id="oc-1e3">
         <name>.debug_line</name>
         <load_address>0x2bb1</load_address>
         <run_address>0x2bb1</run_address>
         <size>0xb0</size>
         <input_file_ref idref="fl-3"/>
      </object_component>
      <object_component id="oc-1ec">
         <name>.debug_line</name>
         <load_address>0x2c61</load_address>
         <run_address>0x2c61</run_address>
         <size>0xb2</size>
         <input_file_ref idref="fl-11"/>
      </object_component>
      <object_component id="oc-1f1">
         <name>.debug_line</name>
         <load_address>0x2d13</load_address>
         <run_address>0x2d13</run_address>
         <size>0xa9</size>
         <input_file_ref idref="fl-f"/>
      </object_component>
      <object_component id="oc-1f6">
         <name>.debug_line</name>
         <load_address>0x2dbc</load_address>
         <run_address>0x2dbc</run_address>
         <size>0xae</size>
         <input_file_ref idref="fl-10"/>
      </object_component>
      <object_component id="oc-1fe">
         <name>.debug_line</name>
         <load_address>0x2e6a</load_address>
         <run_address>0x2e6a</run_address>
         <size>0xb0</size>
         <input_file_ref idref="fl-10"/>
      </object_component>
      <object_component id="oc-208">
         <name>.debug_line</name>
         <load_address>0x2f1a</load_address>
         <run_address>0x2f1a</run_address>
         <size>0xa4</size>
         <input_file_ref idref="fl-b"/>
      </object_component>
      <object_component id="oc-211">
         <name>.debug_line</name>
         <load_address>0x2fbe</load_address>
         <run_address>0x2fbe</run_address>
         <size>0x106</size>
         <input_file_ref idref="fl-d"/>
      </object_component>
      <object_component id="oc-218">
         <name>.debug_line</name>
         <load_address>0x30c4</load_address>
         <run_address>0x30c4</run_address>
         <size>0x9a</size>
         <input_file_ref idref="fl-2"/>
      </object_component>
      <object_component id="oc-21e">
         <name>.debug_line</name>
         <load_address>0x315e</load_address>
         <run_address>0x315e</run_address>
         <size>0xaf</size>
         <input_file_ref idref="fl-11"/>
      </object_component>
      <object_component id="oc-223">
         <name>.debug_line</name>
         <load_address>0x320d</load_address>
         <run_address>0x320d</run_address>
         <size>0x20</size>
         <input_file_ref idref="fl-35"/>
      </object_component>
      <object_component id="oc-22e">
         <name>.debug_line</name>
         <load_address>0x322d</load_address>
         <run_address>0x322d</run_address>
         <size>0xae</size>
         <input_file_ref idref="fl-11"/>
      </object_component>
      <object_component id="oc-234">
         <name>.debug_line</name>
         <load_address>0x32db</load_address>
         <run_address>0x32db</run_address>
         <size>0x9e</size>
         <input_file_ref idref="fl-b"/>
      </object_component>
      <object_component id="oc-23d">
         <name>.debug_line</name>
         <load_address>0x3379</load_address>
         <run_address>0x3379</run_address>
         <size>0x20</size>
         <input_file_ref idref="fl-36"/>
      </object_component>
      <object_component id="oc-240">
         <name>.debug_line</name>
         <load_address>0x3399</load_address>
         <run_address>0x3399</run_address>
         <size>0xb1</size>
         <input_file_ref idref="fl-3"/>
      </object_component>
      <object_component id="oc-245">
         <name>.debug_line</name>
         <load_address>0x344a</load_address>
         <run_address>0x344a</run_address>
         <size>0xb8</size>
         <input_file_ref idref="fl-3"/>
      </object_component>
      <object_component id="oc-25f">
         <name>.debug_line</name>
         <load_address>0x3502</load_address>
         <run_address>0x3502</run_address>
         <size>0xa8</size>
         <input_file_ref idref="fl-3"/>
      </object_component>
      <object_component id="oc-265">
         <name>.debug_line</name>
         <load_address>0x35aa</load_address>
         <run_address>0x35aa</run_address>
         <size>0x46</size>
         <input_file_ref idref="fl-38"/>
      </object_component>
      <object_component id="oc-28e">
         <name>.debug_line</name>
         <load_address>0x35f0</load_address>
         <run_address>0x35f0</run_address>
         <size>0xa7</size>
         <input_file_ref idref="fl-c"/>
      </object_component>
      <object_component id="oc-292">
         <name>.debug_line</name>
         <load_address>0x3697</load_address>
         <run_address>0x3697</run_address>
         <size>0xac</size>
         <input_file_ref idref="fl-b"/>
      </object_component>
      <object_component id="oc-29d">
         <name>.debug_line</name>
         <load_address>0x3743</load_address>
         <run_address>0x3743</run_address>
         <size>0xa8</size>
         <input_file_ref idref="fl-c"/>
      </object_component>
      <object_component id="oc-2a7">
         <name>.debug_line</name>
         <load_address>0x37eb</load_address>
         <run_address>0x37eb</run_address>
         <size>0x9c</size>
         <input_file_ref idref="fl-2"/>
      </object_component>
      <object_component id="oc-2aa">
         <name>.debug_line</name>
         <load_address>0x3887</load_address>
         <run_address>0x3887</run_address>
         <size>0x4d</size>
         <input_file_ref idref="fl-2d"/>
      </object_component>
      <object_component id="oc-2b4">
         <name>.debug_line</name>
         <load_address>0x38d4</load_address>
         <run_address>0x38d4</run_address>
         <size>0x29a</size>
         <input_file_ref idref="fl-c"/>
      </object_component>
      <object_component id="oc-2b7">
         <name>.debug_line</name>
         <load_address>0x3b6e</load_address>
         <run_address>0x3b6e</run_address>
         <size>0x65</size>
         <input_file_ref idref="fl-34"/>
      </object_component>
      <object_component id="oc-2bd">
         <name>.debug_line</name>
         <load_address>0x3bd3</load_address>
         <run_address>0x3bd3</run_address>
         <size>0xf1</size>
         <input_file_ref idref="fl-b"/>
      </object_component>
      <object_component id="oc-2c6">
         <name>.debug_line</name>
         <load_address>0x3cc4</load_address>
         <run_address>0x3cc4</run_address>
         <size>0x185</size>
         <input_file_ref idref="fl-10"/>
      </object_component>
      <object_component id="oc-2cb">
         <name>.debug_line</name>
         <load_address>0x3e49</load_address>
         <run_address>0x3e49</run_address>
         <size>0x2b</size>
         <input_file_ref idref="fl-30"/>
      </object_component>
      <object_component id="oc-2ce">
         <name>.debug_line</name>
         <load_address>0x3e74</load_address>
         <run_address>0x3e74</run_address>
         <size>0x3e</size>
         <input_file_ref idref="fl-33"/>
      </object_component>
      <object_component id="oc-2d1">
         <name>.debug_line</name>
         <load_address>0x3eb2</load_address>
         <run_address>0x3eb2</run_address>
         <size>0x4e</size>
         <input_file_ref idref="fl-32"/>
      </object_component>
      <object_component id="oc-2d8">
         <name>.debug_line</name>
         <load_address>0x3f00</load_address>
         <run_address>0x3f00</run_address>
         <size>0x203</size>
         <input_file_ref idref="fl-d"/>
      </object_component>
      <object_component id="oc-2db">
         <name>.debug_line</name>
         <load_address>0x4103</load_address>
         <run_address>0x4103</run_address>
         <size>0x5e</size>
         <input_file_ref idref="fl-d"/>
      </object_component>
      <object_component id="oc-2e5">
         <name>.debug_line</name>
         <load_address>0x4161</load_address>
         <run_address>0x4161</run_address>
         <size>0xb9</size>
         <input_file_ref idref="fl-d"/>
      </object_component>
      <object_component id="oc-2ec">
         <name>.debug_line</name>
         <load_address>0x421a</load_address>
         <run_address>0x421a</run_address>
         <size>0xaa</size>
         <input_file_ref idref="fl-f"/>
      </object_component>
      <object_component id="oc-2f2">
         <name>.debug_line</name>
         <load_address>0x42c4</load_address>
         <run_address>0x42c4</run_address>
         <size>0x8b</size>
         <input_file_ref idref="fl-b"/>
      </object_component>
      <object_component id="oc-2f8">
         <name>.debug_line</name>
         <load_address>0x434f</load_address>
         <run_address>0x434f</run_address>
         <size>0x102</size>
         <input_file_ref idref="fl-3"/>
      </object_component>
      <object_component id="oc-2fc">
         <name>.debug_line</name>
         <load_address>0x4451</load_address>
         <run_address>0x4451</run_address>
         <size>0x42</size>
         <input_file_ref idref="fl-38"/>
      </object_component>
      <object_component id="oc-301">
         <name>.debug_line</name>
         <load_address>0x4493</load_address>
         <run_address>0x4493</run_address>
         <size>0x3d</size>
         <input_file_ref idref="fl-38"/>
      </object_component>
      <object_component id="oc-306">
         <name>.debug_line</name>
         <load_address>0x44d0</load_address>
         <run_address>0x44d0</run_address>
         <size>0x7b</size>
         <input_file_ref idref="fl-3b"/>
      </object_component>
      <object_component id="oc-30e">
         <name>.debug_line</name>
         <load_address>0x454b</load_address>
         <run_address>0x454b</run_address>
         <size>0xbf</size>
         <input_file_ref idref="fl-10"/>
      </object_component>
      <object_component id="oc-325">
         <name>.debug_line</name>
         <load_address>0x460a</load_address>
         <run_address>0x460a</run_address>
         <size>0x43</size>
         <input_file_ref idref="fl-2e"/>
      </object_component>
      <object_component id="oc-329">
         <name>.debug_line</name>
         <load_address>0x464d</load_address>
         <run_address>0x464d</run_address>
         <size>0x9c</size>
         <input_file_ref idref="fl-2"/>
      </object_component>
      <object_component id="oc-32b">
         <name>.debug_line</name>
         <load_address>0x46e9</load_address>
         <run_address>0x46e9</run_address>
         <size>0x20</size>
         <input_file_ref idref="fl-39"/>
      </object_component>
      <object_component id="oc-32e">
         <name>.debug_line</name>
         <load_address>0x4709</load_address>
         <run_address>0x4709</run_address>
         <size>0x20</size>
         <input_file_ref idref="fl-11"/>
      </object_component>
      <object_component id="oc-33d">
         <name>.debug_line</name>
         <load_address>0x4729</load_address>
         <run_address>0x4729</run_address>
         <size>0xa5</size>
         <input_file_ref idref="fl-b"/>
      </object_component>
      <object_component id="oc-344">
         <name>.debug_line</name>
         <load_address>0x47ce</load_address>
         <run_address>0x47ce</run_address>
         <size>0x13e</size>
         <input_file_ref idref="fl-f"/>
      </object_component>
      <object_component id="oc-349">
         <name>.debug_line</name>
         <load_address>0x490c</load_address>
         <run_address>0x490c</run_address>
         <size>0xae</size>
         <input_file_ref idref="fl-11"/>
      </object_component>
      <object_component id="oc-34e">
         <name>.debug_line</name>
         <load_address>0x49ba</load_address>
         <run_address>0x49ba</run_address>
         <size>0x14c</size>
         <input_file_ref idref="fl-10"/>
      </object_component>
      <object_component id="oc-359">
         <name>.debug_line</name>
         <load_address>0x4b06</load_address>
         <run_address>0x4b06</run_address>
         <size>0x9e</size>
         <input_file_ref idref="fl-b"/>
      </object_component>
      <object_component id="oc-35f">
         <name>.debug_line</name>
         <load_address>0x4ba4</load_address>
         <run_address>0x4ba4</run_address>
         <size>0xde</size>
         <input_file_ref idref="fl-10"/>
      </object_component>
      <object_component id="oc-365">
         <name>.debug_line</name>
         <load_address>0x4c82</load_address>
         <run_address>0x4c82</run_address>
         <size>0x1af</size>
         <input_file_ref idref="fl-10"/>
      </object_component>
      <object_component id="oc-369">
         <name>.debug_line</name>
         <load_address>0x4e31</load_address>
         <run_address>0x4e31</run_address>
         <size>0x9a</size>
         <input_file_ref idref="fl-10"/>
      </object_component>
      <object_component id="oc-371">
         <name>.debug_line</name>
         <load_address>0x4ecb</load_address>
         <run_address>0x4ecb</run_address>
         <size>0xad</size>
         <input_file_ref idref="fl-10"/>
      </object_component>
      <object_component id="oc-37c">
         <name>.debug_line</name>
         <load_address>0x4f78</load_address>
         <run_address>0x4f78</run_address>
         <size>0x8d</size>
         <input_file_ref idref="fl-3b"/>
      </object_component>
      <object_component id="oc-381">
         <name>.debug_line</name>
         <load_address>0x5005</load_address>
         <run_address>0x5005</run_address>
         <size>0x56</size>
         <input_file_ref idref="fl-3b"/>
      </object_component>
      <object_component id="oc-388">
         <name>.debug_line</name>
         <load_address>0x505b</load_address>
         <run_address>0x505b</run_address>
         <size>0x5f</size>
         <input_file_ref idref="fl-2"/>
      </object_component>
      <object_component id="oc-38d">
         <name>.debug_line</name>
         <load_address>0x50ba</load_address>
         <run_address>0x50ba</run_address>
         <size>0x44</size>
         <input_file_ref idref="fl-3b"/>
      </object_component>
      <object_component id="oc-391">
         <name>.debug_line</name>
         <load_address>0x50fe</load_address>
         <run_address>0x50fe</run_address>
         <size>0x51</size>
         <input_file_ref idref="fl-38"/>
      </object_component>
      <object_component id="oc-394">
         <name>.debug_line</name>
         <load_address>0x514f</load_address>
         <run_address>0x514f</run_address>
         <size>0x43</size>
         <input_file_ref idref="fl-38"/>
      </object_component>
      <object_component id="oc-3a1">
         <name>.debug_line</name>
         <load_address>0x5192</load_address>
[...]
         <object_component_ref idref="oc-100"/>
      </symbol>
      <symbol id="sm-2d7">
         <name>simple_link_send</name>
         <value>0xc704</value>
         <object_component_ref idref="oc-20e"/>
      </symbol>
      <symbol id="sm-2d8">
         <name>HostFlowControlConsumeBuff</name>
         <value>0xd64a</value>
         <object_component_ref idref="oc-2e2"/>
      </symbol>
      <symbol id="sm-2d9">
         <name>getsockopt</name>
         <value>0xcf5e</value>
         <object_component_ref idref="oc-10f"/>
      </symbol>
      <symbol id="sm-2f7">
         <name>hci_data_send</name>
         <value>0xd806</value>
         <object_component_ref idref="oc-2ea"/>
      </symbol>
      <symbol id="sm-2f8">
         <name>hci_command_send</name>
         <value>0xdaea</value>
         <object_component_ref idref="oc-1ef"/>
      </symbol>
      <symbol id="sm-2f9">
         <name>hci_patch_send</name>
         <value>0xca9c</value>
         <object_component_ref idref="oc-3c3"/>
      </symbol>
      <symbol id="sm-392">
         <name>hci_unsolicited_event_handler</name>
         <value>0xd9f2</value>
         <object_component_ref idref="oc-30d"/>
      </symbol>
      <symbol id="sm-393">
         <name>hci_unsol_handle_patch_request</name>
         <value>0xd0f4</value>
         <object_component_ref idref="oc-35c"/>
      </symbol>
      <symbol id="sm-394">
         <name>SimpleLinkWaitEvent</name>
         <value>0xdda6</value>
         <object_component_ref idref="oc-1f4"/>
      </symbol>
      <symbol id="sm-395">
         <name>socket_active_status</name>
         <value>0x326</value>
         <object_component_ref idref="oc-2d4"/>
      </symbol>
      <symbol id="sm-396">
         <name>hci_event_handler</name>
         <value>0xc000</value>
         <object_component_ref idref="oc-2c3"/>
      </symbol>
      <symbol id="sm-397">
         <name>hci_unsol_event_handler</name>
         <value>0xc506</value>
         <object_component_ref idref="oc-34d"/>
      </symbol>
      <symbol id="sm-398">
         <name>get_socket_active_status</name>
         <value>0xd888</value>
         <object_component_ref idref="oc-36f"/>
      </symbol>
      <symbol id="sm-399">
         <name>set_socket_active_status</name>
         <value>0xd382</value>
         <object_component_ref idref="oc-1fb"/>
      </symbol>
      <symbol id="sm-3b6">
         <name>UINT32_TO_STREAM_f</name>
         <value>0xdbf0</value>
         <object_component_ref idref="oc-1ea"/>
      </symbol>
      <symbol id="sm-3b7">
         <name>UINT16_TO_STREAM_f</name>
         <value>0xddb6</value>
         <object_component_ref idref="oc-21c"/>
      </symbol>
      <symbol id="sm-3b8">
         <name>STREAM_TO_UINT32_f</name>
         <value>0xda5c</value>
         <object_component_ref idref="oc-347"/>
      </symbol>
      <symbol id="sm-3b9">
         <name>STREAM_TO_UINT16_f</name>
         <value>0xdd96</value>
         <object_component_ref idref="oc-22c"/>
      </symbol>
      <symbol id="sm-3dc">
         <name>g_ucUARTBuffer</name>
         <value>0x2b2</value>
      </symbol>
      <symbol id="sm-3dd">
         <name>g_ucLength</name>
         <value>0x306</value>
      </symbol>
      <symbol id="sm-3de">
         <name>__TI_int07</name>
         <value>0xffee</value>
         <object_component_ref idref="oc-32"/>
      </symbol>
      <symbol id="sm-3df">
         <name>USCI_A0_ISR</name>
         <value>0xd2c2</value>
         <object_component_ref idref="oc-5b"/>
      </symbol>
      <symbol id="sm-3e0">
         <name>DispatcherUARTConfigure</name>
         <value>0xd848</value>
         <object_component_ref idref="oc-18f"/>
      </symbol>
      <symbol id="sm-3e1">
         <name>uart_have_cmd</name>
         <value>0x32a</value>
         <object_component_ref idref="oc-ca"/>
      </symbol>
      <symbol id="sm-3e2">
         <name>DispatcherUartSendPacket</name>
         <value>0xdcfe</value>
         <object_component_ref idref="oc-1d2"/>
      </symbol>
      <symbol id="sm-3f0">
         <name>_c_int00_noexit</name>
         <value>0xdc9c</value>
         <object_component_ref idref="oc-3a"/>
      </symbol>
      <symbol id="sm-3f1">
         <name>_c_int00</name>
         <value>0xdc9c</value>
         <object_component_ref idref="oc-3a"/>
      </symbol>
      <symbol id="sm-3f2">
         <name>_stack</name>
         <value>0x338</value>
         <object_component_ref idref="oc-4e"/>
      </symbol>
      <symbol id="sm-3f3">
         <name>_reset_vector</name>
         <value>0xfffe</value>
         <object_component_ref idref="oc-50"/>
      </symbol>
      <symbol id="sm-408">
         <name>__TI_decompress_none</name>
         <value>0xdd72</value>
         <object_component_ref idref="oc-3f"/>
      </symbol>
      <symbol id="sm-428">
         <name>__TI_decompress_rle24</name>
         <value>0xdea0</value>
         <object_component_ref idref="oc-49"/>
      </symbol>
      <symbol id="sm-43a">
         <name>__TI_zero_init</name>
         <value>0xdd12</value>
         <object_component_ref idref="oc-44"/>
      </symbol>
      <symbol id="sm-445">
         <name>__mspabi_remi</name>
         <value>0xdb46</value>
         <object_component_ref idref="oc-2a9"/>
      </symbol>
      <symbol id="sm-446">
         <name>__mspabi_divi</name>
         <value>0xdb46</value>
         <object_component_ref idref="oc-2a9"/>
      </symbol>
      <symbol id="sm-44f">
         <name>__mspabi_remu</name>
         <value>0xdce8</value>
         <object_component_ref idref="oc-323"/>
      </symbol>
      <symbol id="sm-450">
         <name>__mspabi_divu</name>
         <value>0xdce8</value>
         <object_component_ref idref="oc-323"/>
      </symbol>
      <symbol id="sm-458">
         <name>__mspabi_func_epilog_2</name>
         <value>0xde00</value>
         <object_component_ref idref="oc-cf"/>
      </symbol>
      <symbol id="sm-459">
         <name>__mspabi_func_epilog_3</name>
         <value>0xddfe</value>
         <object_component_ref idref="oc-cf"/>
      </symbol>
      <symbol id="sm-45a">
         <name>__mspabi_func_epilog_1</name>
         <value>0xde02</value>
         <object_component_ref idref="oc-cf"/>
      </symbol>
      <symbol id="sm-45b">
         <name>__mspabi_func_epilog_6</name>
         <value>0xddf8</value>
         <object_component_ref idref="oc-cf"/>
      </symbol>
      <symbol id="sm-45c">
         <name>__mspabi_func_epilog_7</name>
         <value>0xddf6</value>
         <object_component_ref idref="oc-cf"/>
      </symbol>
      <symbol id="sm-45d">
         <name>__mspabi_func_epilog_4</name>
         <value>0xddfc</value>
         <object_component_ref idref="oc-cf"/>
      </symbol>
      <symbol id="sm-45e">
         <name>__mspabi_func_epilog_5</name>
         <value>0xddfa</value>
         <object_component_ref idref="oc-cf"/>
      </symbol>
      <symbol id="sm-464">
         <name>_Errno</name>
         <value>0x32c</value>
         <object_component_ref idref="oc-1f9"/>
      </symbol>
      <symbol id="sm-46d">
         <name>C$$EXIT</name>
         <value>0xdeaa</value>
         <object_component_ref idref="oc-74"/>
      </symbol>
      <symbol id="sm-46e">
         <name>abort</name>
         <value>0xdeaa</value>
         <object_component_ref idref="oc-74"/>
      </symbol>
      <symbol id="sm-475">
         <name>__mspabi_slli</name>
         <value>0xdb72</value>
         <object_component_ref idref="oc-2d0"/>
      </symbol>
      <symbol id="sm-476">
         <name>__mspabi_slli_9</name>
         <value>0xdb8a</value>
         <object_component_ref idref="oc-2d0"/>
      </symbol>
      <symbol id="sm-477">
         <name>__mspabi_slli_8</name>
         <value>0xdb8c</value>
         <object_component_ref idref="oc-2d0"/>
      </symbol>
      <symbol id="sm-478">
         <name>__mspabi_slli_7</name>
         <value>0xdb8e</value>
         <object_component_ref idref="oc-2d0"/>
      </symbol>
      <symbol id="sm-479">
         <name>__mspabi_slli_6</name>
         <value>0xdb90</value>
         <object_component_ref idref="oc-2d0"/>
      </symbol>
      <symbol id="sm-47a">
         <name>__mspabi_slli_5</name>
         <value>0xdb92</value>
         <object_component_ref idref="oc-2d0"/>
      </symbol>
      <symbol id="sm-47b">
         <name>__mspabi_slli_4</name>
         <value>0xdb94</value>
         <object_component_ref idref="oc-2d0"/>
      </symbol>
      <symbol id="sm-47c">
         <name>__mspabi_slli_3</name>
         <value>0xdb96</value>
         <object_component_ref idref="oc-2d0"/>
      </symbol>
      <symbol id="sm-47d">
         <name>__mspabi_slli_2</name>
         <value>0xdb98</value>
         <object_component_ref idref="oc-2d0"/>
      </symbol>
      <symbol id="sm-47e">
         <name>__mspabi_slli_1</name>
         <value>0xdb9a</value>
         <object_component_ref idref="oc-2d0"/>
      </symbol>
      <symbol id="sm-47f">
         <name>__mspabi_slli_15</name>
         <value>0xdb7e</value>
         <object_component_ref idref="oc-2d0"/>
      </symbol>
      <symbol id="sm-480">
         <name>__mspabi_slli_14</name>
         <value>0xdb80</value>
         <object_component_ref idref="oc-2d0"/>
      </symbol>
      <symbol id="sm-481">
         <name>__mspabi_slli_13</name>
         <value>0xdb82</value>
         <object_component_ref idref="oc-2d0"/>
      </symbol>
      <symbol id="sm-482">
         <name>__mspabi_slli_12</name>
         <value>0xdb84</value>
         <object_component_ref idref="oc-2d0"/>
      </symbol>
      <symbol id="sm-483">
         <name>__mspabi_slli_11</name>
         <value>0xdb86</value>
         <object_component_ref idref="oc-2d0"/>
      </symbol>
      <symbol id="sm-484">
         <name>__mspabi_slli_10</name>
         <value>0xdb88</value>
         <object_component_ref idref="oc-2d0"/>
      </symbol>
      <symbol id="sm-492">
         <name>__mspabi_slll_9</name>
         <value>0xd920</value>
         <object_component_ref idref="oc-39f"/>
      </symbol>
      <symbol id="sm-493">
         <name>__mspabi_slll_8</name>
         <value>0xd924</value>
         <object_component_ref idref="oc-39f"/>
      </symbol>
      <symbol id="sm-494">
         <name>__mspabi_slll_7</name>
         <value>0xd928</value>
         <object_component_ref idref="oc-39f"/>
      </symbol>
      <symbol id="sm-495">
         <name>__mspabi_slll_6</name>
         <value>0xd92c</value>
         <object_component_ref idref="oc-39f"/>
      </symbol>
      <symbol id="sm-496">
         <name>__mspabi_slll_5</name>
         <value>0xd930</value>
         <object_component_ref idref="oc-39f"/>
      </symbol>
      <symbol id="sm-497">
         <name>__mspabi_slll_4</name>
         <value>0xd934</value>
         <object_component_ref idref="oc-39f"/>
      </symbol>
      <symbol id="sm-498">
         <name>__mspabi_slll_3</name>
         <value>0xd938</value>
         <object_component_ref idref="oc-39f"/>
      </symbol>
      <symbol id="sm-499">
         <name>__mspabi_slll_2</name>
         <value>0xd93c</value>
         <object_component_ref idref="oc-39f"/>
      </symbol>
      <symbol id="sm-49a">
         <name>__mspabi_slll_1</name>
         <value>0xd940</value>
         <object_component_ref idref="oc-39f"/>
      </symbol>
      <symbol id="sm-49b">
         <name>__mspabi_slll</name>
         <value>0xdde6</value>
         <object_component_ref idref="oc-2cc"/>
      </symbol>
      <symbol id="sm-49c">
         <name>__mspabi_slll_15</name>
         <value>0xd908</value>
         <object_component_ref idref="oc-39f"/>
      </symbol>
      <symbol id="sm-49d">
         <name>__mspabi_slll_14</name>
         <value>0xd90c</value>
         <object_component_ref idref="oc-39f"/>
      </symbol>
      <symbol id="sm-49e">
         <name>__mspabi_slll_13</name>
         <value>0xd910</value>
         <object_component_ref idref="oc-39f"/>
      </symbol>
      <symbol id="sm-49f">
         <name>__mspabi_slll_12</name>
         <value>0xd914</value>
         <object_component_ref idref="oc-39f"/>
      </symbol>
      <symbol id="sm-4a0">
         <name>__mspabi_slll_11</name>
         <value>0xd918</value>
         <object_component_ref idref="oc-39f"/>
      </symbol>
      <symbol id="sm-4a1">
         <name>__mspabi_slll_10</name>
         <value>0xd91c</value>
         <object_component_ref idref="oc-39f"/>
      </symbol>
      <symbol id="sm-4a8">
         <name>__mspabi_srll_8</name>
         <value>0xd4c8</value>
         <object_component_ref idref="oc-2b5"/>
      </symbol>
      <symbol id="sm-4a9">
         <name>__mspabi_srll_9</name>
         <value>0xd4c2</value>
         <object_component_ref idref="oc-2b5"/>
      </symbol>
      <symbol id="sm-4aa">
         <name>__mspabi_srll_6</name>
         <value>0xd4d4</value>
         <object_component_ref idref="oc-2b5"/>
      </symbol>
      <symbol id="sm-4ab">
         <name>__mspabi_srll_7</name>
         <value>0xd4ce</value>
         <object_component_ref idref="oc-2b5"/>
      </symbol>
      <symbol id="sm-4ac">
         <name>__mspabi_srll_4</name>
         <value>0xd4e0</value>
         <object_component_ref idref="oc-2b5"/>
      </symbol>
      <symbol id="sm-4ad">
         <name>__mspabi_srll_5</name>
         <value>0xd4da</value>
         <object_component_ref idref="oc-2b5"/>
      </symbol>
      <symbol id="sm-4ae">
         <name>__mspabi_srll_2</name>
         <value>0xd4ec</value>
         <object_component_ref idref="oc-2b5"/>
      </symbol>
      <symbol id="sm-4af">
         <name>__mspabi_srll_3</name>
         <value>0xd4e6</value>
         <object_component_ref idref="oc-2b5"/>
      </symbol>
      <symbol id="sm-4b0">
         <name>__mspabi_srll_1</name>
         <value>0xd4f2</value>
         <object_component_ref idref="oc-2b5"/>
      </symbol>
      <symbol id="sm-4b1">
         <name>__mspabi_srll_15</name>
         <value>0xd49e</value>
         <object_component_ref idref="oc-2b5"/>
      </symbol>
      <symbol id="sm-4b2">
         <name>__mspabi_srll_14</name>
         <value>0xd4a4</value>
         <object_component_ref idref="oc-2b5"/>
      </symbol>
      <symbol id="sm-4b3">
         <name>__mspabi_srll_13</name>
         <value>0xd4aa</value>
         <object_component_ref idref="oc-2b5"/>
      </symbol>
      <symbol id="sm-4b4">
         <name>__mspabi_srll_12</name>
         <value>0xd4b0</value>
         <object_component_ref idref="oc-2b5"/>
      </symbol>
      <symbol id="sm-4b5">
         <name>__mspabi_srll_11</name>
         <value>0xd4b6</value>
         <object_component_ref idref="oc-2b5"/>
      </symbol>
      <symbol id="sm-4b6">
         <name>__mspabi_srll_10</name>
         <value>0xd4bc</value>
         <object_component_ref idref="oc-2b5"/>
      </symbol>
      <symbol id="sm-4c3">
         <name>memcpy</name>
         <value>0xdd84</value>
         <object_component_ref idref="oc-7a"/>
      </symbol>
      <symbol id="sm-4d0">
         <name>memset</name>
         <value>0xdd26</value>
         <object_component_ref idref="oc-c0"/>
      </symbol>
      <symbol id="sm-4d8">
         <name>_system_pre_init</name>
         <value>0xdea6</value>
         <object_component_ref idref="oc-65"/>
      </symbol>
      <symbol id="sm-4f6">
         <name>sprintf</name>
         <value>0xd9ba</value>
         <object_component_ref idref="oc-263"/>
      </symbol>
      <symbol id="sm-502">
         <name>strlen</name>
         <value>0xde14</value>
         <object_component_ref idref="oc-1dc"/>
      </symbol>
      <symbol id="sm-563">
         <name>__TI_printfi_minimal</name>
         <value>0xcd26</value>
         <object_component_ref idref="oc-304"/>
      </symbol>
      <symbol id="sm-579">
         <name>_auto_init</name>
         <value>0xd440</value>
         <object_component_ref idref="oc-6a"/>
      </symbol>
      <symbol id="sm-580">
         <name>__mspabi_srli_8</name>
         <value>0xd710</value>
         <object_component_ref idref="oc-3ff"/>
      </symbol>
      <symbol id="sm-581">
         <name>__mspabi_srli_9</name>
         <value>0xd70c</value>
         <object_component_ref idref="oc-3ff"/>
      </symbol>
      <symbol id="sm-582">
         <name>__mspabi_srli_6</name>
         <value>0xd718</value>
         <object_component_ref idref="oc-3ff"/>
      </symbol>
      <symbol id="sm-583">
         <name>__mspabi_srli_7</name>
         <value>0xd714</value>
         <object_component_ref idref="oc-3ff"/>
      </symbol>
      <symbol id="sm-584">
         <name>__mspabi_srli_4</name>
         <value>0xd720</value>
         <object_component_ref idref="oc-3ff"/>
      </symbol>
      <symbol id="sm-585">
         <name>__mspabi_srli_5</name>
         <value>0xd71c</value>
         <object_component_ref idref="oc-3ff"/>
      </symbol>
      <symbol id="sm-586">
         <name>__mspabi_srli_2</name>
         <value>0xd728</value>
         <object_component_ref idref="oc-3ff"/>
      </symbol>
      <symbol id="sm-587">
         <name>__mspabi_srli_3</name>
         <value>0xd724</value>
         <object_component_ref idref="oc-3ff"/>
      </symbol>
      <symbol id="sm-588">
         <name>__mspabi_srli_1</name>
         <value>0xd72c</value>
         <object_component_ref idref="oc-3ff"/>
      </symbol>
      <symbol id="sm-589">
         <name>__mspabi_srli</name>
         <value>0xd6e6</value>
         <object_component_ref idref="oc-3ff"/>
      </symbol>
      <symbol id="sm-58a">
         <name>__mspabi_srli_15</name>
         <value>0xd6f4</value>
         <object_component_ref idref="oc-3ff"/>
      </symbol>
      <symbol id="sm-58b">
         <name>__mspabi_srli_14</name>
         <value>0xd6f8</value>
         <object_component_ref idref="oc-3ff"/>
      </symbol>
      <symbol id="sm-58c">
         <name>__mspabi_srli_13</name>
         <value>0xd6fc</value>
         <object_component_ref idref="oc-3ff"/>
      </symbol>
      <symbol id="sm-58d">
         <name>__mspabi_srli_12</name>
         <value>0xd700</value>
         <object_component_ref idref="oc-3ff"/>
      </symbol>
      <symbol id="sm-58e">
         <name>__mspabi_srli_11</name>
         <value>0xd704</value>
         <object_component_ref idref="oc-3ff"/>
      </symbol>
      <symbol id="sm-58f">
         <name>__mspabi_srli_10</name>
         <value>0xd708</value>
         <object_component_ref idref="oc-3ff"/>
      </symbol>
      <symbol id="sm-59d">
         <name>memccpy</name>
         <value>0xdc80</value>
         <object_component_ref idref="oc-3d0"/>
      </symbol>
      <symbol id="sm-5a6">
         <name>__mspabi_mpyi</name>
         <value>0xdd3a</value>
         <object_component_ref idref="oc-3f8"/>
      </symbol>
      <symbol id="sm-5a7">
         <name>__TI_exit</name>
         <value>0x1</value>
      </symbol>
      <symbol id="sm-5a8">
         <name>__TI_args_main</name>
         <value>0x1</value>
      </symbol>
      <symbol id="sm-5a9">
         <name>__TI_INITARRAY_Base</name>
         <value>0x0</value>
      </symbol>
      <symbol id="sm-5aa">
         <name>__TI_INITARRAY_Limit</name>
         <value>0x0</value>
      </symbol>
   </symbol_table>
   <title>Link successful</title>
</link_info>
